// Jest Snapshot v1, https://goo.gl/fbAQLP

exports[`ProjectModal should match the snapshot 1`] = `
ShallowWrapper {
  Symbol(enzyme.__root__): [Circular],
  Symbol(enzyme.__unrendered__): <ProjectModal
    selectedProj="Mentor Match"
    setSelectedProj={[MockFunction]}
  />,
  Symbol(enzyme.__renderer__): Object {
    "batchedUpdates": [Function],
    "checkPropTypes": [Function],
    "getNode": [Function],
    "render": [Function],
    "simulateError": [Function],
    "simulateEvent": [Function],
    "unmount": [Function],
  },
  Symbol(enzyme.__node__): Object {
    "instance": null,
    "key": undefined,
    "nodeType": "host",
    "props": Object {
      "children": <div
        className="project-modal-container"
      >
        <div
          className="modal-heading"
        >
          <div
            className="title-container"
          >
            <h1>
              Mentor Match
            </h1>
          </div>
          <button
            className="exit-btn"
            onClick={[Function]}
          >
            X
          </button>
        </div>
        <img
          alt="screenshot of project"
          className="modal-screenshot"
          src="mentor-match-screenshot.png"
        />
        <div
          className="project-details-container"
        >
          <p>
            <span
              className="modal-detail-header"
            >
              Tech Stack: 
            </span>
            React.js, Redux, Redux-thunk, CSS3, Ruby, PostgreSQL, AJAX (ES7)
          </p>
          <p>
            <span
              className="modal-detail-header"
            >
              Testing: 
            </span>
            Enzyme/Jest - Front-End, RSpec - Back-End, TravisCI - Continuous Integration
          </p>
          <a
            href="https://github.com/raualex/mentor_match_frontend"
            rel="noopener noreferrer"
            target="_blank"
          >
            See the code on GitHub!
          </a>
          <p>
            This app was built for the Turing School to use to match alumni mentors to current students to help them through the curriculum.
          </p>
        </div>
      </div>,
      "className": "project-modal-outer",
    },
    "ref": null,
    "rendered": Object {
      "instance": null,
      "key": undefined,
      "nodeType": "host",
      "props": Object {
        "children": Array [
          <div
            className="modal-heading"
          >
            <div
              className="title-container"
            >
              <h1>
                Mentor Match
              </h1>
            </div>
            <button
              className="exit-btn"
              onClick={[Function]}
            >
              X
            </button>
          </div>,
          <img
            alt="screenshot of project"
            className="modal-screenshot"
            src="mentor-match-screenshot.png"
          />,
          <div
            className="project-details-container"
          >
            <p>
              <span
                className="modal-detail-header"
              >
                Tech Stack: 
              </span>
              React.js, Redux, Redux-thunk, CSS3, Ruby, PostgreSQL, AJAX (ES7)
            </p>
            <p>
              <span
                className="modal-detail-header"
              >
                Testing: 
              </span>
              Enzyme/Jest - Front-End, RSpec - Back-End, TravisCI - Continuous Integration
            </p>
            <a
              href="https://github.com/raualex/mentor_match_frontend"
              rel="noopener noreferrer"
              target="_blank"
            >
              See the code on GitHub!
            </a>
            <p>
              This app was built for the Turing School to use to match alumni mentors to current students to help them through the curriculum.
            </p>
          </div>,
        ],
        "className": "project-modal-container",
      },
      "ref": null,
      "rendered": Array [
        Object {
          "instance": null,
          "key": undefined,
          "nodeType": "host",
          "props": Object {
            "children": Array [
              <div
                className="title-container"
              >
                <h1>
                  Mentor Match
                </h1>
              </div>,
              <button
                className="exit-btn"
                onClick={[Function]}
              >
                X
              </button>,
            ],
            "className": "modal-heading",
          },
          "ref": null,
          "rendered": Array [
            Object {
              "instance": null,
              "key": undefined,
              "nodeType": "host",
              "props": Object {
                "children": <h1>
                  Mentor Match
                </h1>,
                "className": "title-container",
              },
              "ref": null,
              "rendered": Object {
                "instance": null,
                "key": undefined,
                "nodeType": "host",
                "props": Object {
                  "children": "Mentor Match",
                },
                "ref": null,
                "rendered": "Mentor Match",
                "type": "h1",
              },
              "type": "div",
            },
            Object {
              "instance": null,
              "key": undefined,
              "nodeType": "host",
              "props": Object {
                "children": "X",
                "className": "exit-btn",
                "onClick": [Function],
              },
              "ref": null,
              "rendered": "X",
              "type": "button",
            },
          ],
          "type": "div",
        },
        Object {
          "instance": null,
          "key": undefined,
          "nodeType": "host",
          "props": Object {
            "alt": "screenshot of project",
            "className": "modal-screenshot",
            "src": "mentor-match-screenshot.png",
          },
          "ref": null,
          "rendered": null,
          "type": "img",
        },
        Object {
          "instance": null,
          "key": undefined,
          "nodeType": "host",
          "props": Object {
            "children": Array [
              <p>
                <span
                  className="modal-detail-header"
                >
                  Tech Stack: 
                </span>
                React.js, Redux, Redux-thunk, CSS3, Ruby, PostgreSQL, AJAX (ES7)
              </p>,
              <p>
                <span
                  className="modal-detail-header"
                >
                  Testing: 
                </span>
                Enzyme/Jest - Front-End, RSpec - Back-End, TravisCI - Continuous Integration
              </p>,
              <a
                href="https://github.com/raualex/mentor_match_frontend"
                rel="noopener noreferrer"
                target="_blank"
              >
                See the code on GitHub!
              </a>,
              <p>
                This app was built for the Turing School to use to match alumni mentors to current students to help them through the curriculum.
              </p>,
            ],
            "className": "project-details-container",
          },
          "ref": null,
          "rendered": Array [
            Object {
              "instance": null,
              "key": undefined,
              "nodeType": "host",
              "props": Object {
                "children": Array [
                  <span
                    className="modal-detail-header"
                  >
                    Tech Stack: 
                  </span>,
                  "React.js, Redux, Redux-thunk, CSS3, Ruby, PostgreSQL, AJAX (ES7)",
                ],
              },
              "ref": null,
              "rendered": Array [
                Object {
                  "instance": null,
                  "key": undefined,
                  "nodeType": "host",
                  "props": Object {
                    "children": "Tech Stack: ",
                    "className": "modal-detail-header",
                  },
                  "ref": null,
                  "rendered": "Tech Stack: ",
                  "type": "span",
                },
                "React.js, Redux, Redux-thunk, CSS3, Ruby, PostgreSQL, AJAX (ES7)",
              ],
              "type": "p",
            },
            Object {
              "instance": null,
              "key": undefined,
              "nodeType": "host",
              "props": Object {
                "children": Array [
                  <span
                    className="modal-detail-header"
                  >
                    Testing: 
                  </span>,
                  "Enzyme/Jest - Front-End, RSpec - Back-End, TravisCI - Continuous Integration",
                ],
              },
              "ref": null,
              "rendered": Array [
                Object {
                  "instance": null,
                  "key": undefined,
                  "nodeType": "host",
                  "props": Object {
                    "children": "Testing: ",
                    "className": "modal-detail-header",
                  },
                  "ref": null,
                  "rendered": "Testing: ",
                  "type": "span",
                },
                "Enzyme/Jest - Front-End, RSpec - Back-End, TravisCI - Continuous Integration",
              ],
              "type": "p",
            },
            Object {
              "instance": null,
              "key": undefined,
              "nodeType": "host",
              "props": Object {
                "children": "See the code on GitHub!",
                "href": "https://github.com/raualex/mentor_match_frontend",
                "rel": "noopener noreferrer",
                "target": "_blank",
              },
              "ref": null,
              "rendered": "See the code on GitHub!",
              "type": "a",
            },
            Object {
              "instance": null,
              "key": undefined,
              "nodeType": "host",
              "props": Object {
                "children": "This app was built for the Turing School to use to match alumni mentors to current students to help them through the curriculum.",
              },
              "ref": null,
              "rendered": "This app was built for the Turing School to use to match alumni mentors to current students to help them through the curriculum.",
              "type": "p",
            },
          ],
          "type": "div",
        },
      ],
      "type": "div",
    },
    "type": "div",
  },
  Symbol(enzyme.__nodes__): Array [
    Object {
      "instance": null,
      "key": undefined,
      "nodeType": "host",
      "props": Object {
        "children": <div
          className="project-modal-container"
        >
          <div
            className="modal-heading"
          >
            <div
              className="title-container"
            >
              <h1>
                Mentor Match
              </h1>
            </div>
            <button
              className="exit-btn"
              onClick={[Function]}
            >
              X
            </button>
          </div>
          <img
            alt="screenshot of project"
            className="modal-screenshot"
            src="mentor-match-screenshot.png"
          />
          <div
            className="project-details-container"
          >
            <p>
              <span
                className="modal-detail-header"
              >
                Tech Stack: 
              </span>
              React.js, Redux, Redux-thunk, CSS3, Ruby, PostgreSQL, AJAX (ES7)
            </p>
            <p>
              <span
                className="modal-detail-header"
              >
                Testing: 
              </span>
              Enzyme/Jest - Front-End, RSpec - Back-End, TravisCI - Continuous Integration
            </p>
            <a
              href="https://github.com/raualex/mentor_match_frontend"
              rel="noopener noreferrer"
              target="_blank"
            >
              See the code on GitHub!
            </a>
            <p>
              This app was built for the Turing School to use to match alumni mentors to current students to help them through the curriculum.
            </p>
          </div>
        </div>,
        "className": "project-modal-outer",
      },
      "ref": null,
      "rendered": Object {
        "instance": null,
        "key": undefined,
        "nodeType": "host",
        "props": Object {
          "children": Array [
            <div
              className="modal-heading"
            >
              <div
                className="title-container"
              >
                <h1>
                  Mentor Match
                </h1>
              </div>
              <button
                className="exit-btn"
                onClick={[Function]}
              >
                X
              </button>
            </div>,
            <img
              alt="screenshot of project"
              className="modal-screenshot"
              src="mentor-match-screenshot.png"
            />,
            <div
              className="project-details-container"
            >
              <p>
                <span
                  className="modal-detail-header"
                >
                  Tech Stack: 
                </span>
                React.js, Redux, Redux-thunk, CSS3, Ruby, PostgreSQL, AJAX (ES7)
              </p>
              <p>
                <span
                  className="modal-detail-header"
                >
                  Testing: 
                </span>
                Enzyme/Jest - Front-End, RSpec - Back-End, TravisCI - Continuous Integration
              </p>
              <a
                href="https://github.com/raualex/mentor_match_frontend"
                rel="noopener noreferrer"
                target="_blank"
              >
                See the code on GitHub!
              </a>
              <p>
                This app was built for the Turing School to use to match alumni mentors to current students to help them through the curriculum.
              </p>
            </div>,
          ],
          "className": "project-modal-container",
        },
        "ref": null,
        "rendered": Array [
          Object {
            "instance": null,
            "key": undefined,
            "nodeType": "host",
            "props": Object {
              "children": Array [
                <div
                  className="title-container"
                >
                  <h1>
                    Mentor Match
                  </h1>
                </div>,
                <button
                  className="exit-btn"
                  onClick={[Function]}
                >
                  X
                </button>,
              ],
              "className": "modal-heading",
            },
            "ref": null,
            "rendered": Array [
              Object {
                "instance": null,
                "key": undefined,
                "nodeType": "host",
                "props": Object {
                  "children": <h1>
                    Mentor Match
                  </h1>,
                  "className": "title-container",
                },
                "ref": null,
                "rendered": Object {
                  "instance": null,
                  "key": undefined,
                  "nodeType": "host",
                  "props": Object {
                    "children": "Mentor Match",
                  },
                  "ref": null,
                  "rendered": "Mentor Match",
                  "type": "h1",
                },
                "type": "div",
              },
              Object {
                "instance": null,
                "key": undefined,
                "nodeType": "host",
                "props": Object {
                  "children": "X",
                  "className": "exit-btn",
                  "onClick": [Function],
                },
                "ref": null,
                "rendered": "X",
                "type": "button",
              },
            ],
            "type": "div",
          },
          Object {
            "instance": null,
            "key": undefined,
            "nodeType": "host",
            "props": Object {
              "alt": "screenshot of project",
              "className": "modal-screenshot",
              "src": "mentor-match-screenshot.png",
            },
            "ref": null,
            "rendered": null,
            "type": "img",
          },
          Object {
            "instance": null,
            "key": undefined,
            "nodeType": "host",
            "props": Object {
              "children": Array [
                <p>
                  <span
                    className="modal-detail-header"
                  >
                    Tech Stack: 
                  </span>
                  React.js, Redux, Redux-thunk, CSS3, Ruby, PostgreSQL, AJAX (ES7)
                </p>,
                <p>
                  <span
                    className="modal-detail-header"
                  >
                    Testing: 
                  </span>
                  Enzyme/Jest - Front-End, RSpec - Back-End, TravisCI - Continuous Integration
                </p>,
                <a
                  href="https://github.com/raualex/mentor_match_frontend"
                  rel="noopener noreferrer"
                  target="_blank"
                >
                  See the code on GitHub!
                </a>,
                <p>
                  This app was built for the Turing School to use to match alumni mentors to current students to help them through the curriculum.
                </p>,
              ],
              "className": "project-details-container",
            },
            "ref": null,
            "rendered": Array [
              Object {
                "instance": null,
                "key": undefined,
                "nodeType": "host",
                "props": Object {
                  "children": Array [
                    <span
                      className="modal-detail-header"
                    >
                      Tech Stack: 
                    </span>,
                    "React.js, Redux, Redux-thunk, CSS3, Ruby, PostgreSQL, AJAX (ES7)",
                  ],
                },
                "ref": null,
                "rendered": Array [
                  Object {
                    "instance": null,
                    "key": undefined,
                    "nodeType": "host",
                    "props": Object {
                      "children": "Tech Stack: ",
                      "className": "modal-detail-header",
                    },
                    "ref": null,
                    "rendered": "Tech Stack: ",
                    "type": "span",
                  },
                  "React.js, Redux, Redux-thunk, CSS3, Ruby, PostgreSQL, AJAX (ES7)",
                ],
                "type": "p",
              },
              Object {
                "instance": null,
                "key": undefined,
                "nodeType": "host",
                "props": Object {
                  "children": Array [
                    <span
                      className="modal-detail-header"
                    >
                      Testing: 
                    </span>,
                    "Enzyme/Jest - Front-End, RSpec - Back-End, TravisCI - Continuous Integration",
                  ],
                },
                "ref": null,
                "rendered": Array [
                  Object {
                    "instance": null,
                    "key": undefined,
                    "nodeType": "host",
                    "props": Object {
                      "children": "Testing: ",
                      "className": "modal-detail-header",
                    },
                    "ref": null,
                    "rendered": "Testing: ",
                    "type": "span",
                  },
                  "Enzyme/Jest - Front-End, RSpec - Back-End, TravisCI - Continuous Integration",
                ],
                "type": "p",
              },
              Object {
                "instance": null,
                "key": undefined,
                "nodeType": "host",
                "props": Object {
                  "children": "See the code on GitHub!",
                  "href": "https://github.com/raualex/mentor_match_frontend",
                  "rel": "noopener noreferrer",
                  "target": "_blank",
                },
                "ref": null,
                "rendered": "See the code on GitHub!",
                "type": "a",
              },
              Object {
                "instance": null,
                "key": undefined,
                "nodeType": "host",
                "props": Object {
                  "children": "This app was built for the Turing School to use to match alumni mentors to current students to help them through the curriculum.",
                },
                "ref": null,
                "rendered": "This app was built for the Turing School to use to match alumni mentors to current students to help them through the curriculum.",
                "type": "p",
              },
            ],
            "type": "div",
          },
        ],
        "type": "div",
      },
      "type": "div",
    },
  ],
  Symbol(enzyme.__options__): Object {
    "adapter": ReactSixteenAdapter {
      "options": Object {
        "enableComponentDidUpdateOnSetState": true,
        "legacyContextMode": "parent",
        "lifecycles": Object {
          "componentDidUpdate": Object {
            "onSetState": true,
          },
          "getChildContext": Object {
            "calledByRenderer": false,
          },
          "getDerivedStateFromProps": true,
          "getSnapshotBeforeUpdate": true,
          "setState": Object {
            "skipsComponentDidUpdateOnNullish": true,
          },
        },
      },
    },
  },
  Symbol(enzyme.__childContext__): null,
}
`;
